// Jest Snapshot v1, https://goo.gl/fbAQLP

exports[`#fetchHosts should collect data 1`] = `
Object {
  "collectedEntities": Array [
    Object {
      "_class": Array [
        "User",
      ],
      "_key": "datadog_account:viragsf@gmail.com",
      "_rawData": Array [
        Object {
          "name": "default",
          "rawData": User {
            "accessRole": "adm",
            "disabled": false,
            "email": "viragsf@gmail.com",
            "handle": "viragsf@gmail.com",
            "icon": "https://secure.gravatar.com/avatar/edd1469180957cee25d7753ef4a84a13?s=48&d=retro",
            "name": null,
            "verified": true,
          },
        },
      ],
      "_type": "datadog_account",
      "accessRole": "adm",
      "createdOn": undefined,
      "disabled": false,
      "displayName": "viragsf@gmail.com",
      "email": "viragsf@gmail.com",
      "icon": "https://secure.gravatar.com/avatar/edd1469180957cee25d7753ef4a84a13?s=48&d=retro",
      "id": "viragsf@gmail.com",
      "name": "viragsf@gmail.com",
      "username": "viragsf@gmail.com",
      "verified": true,
    },
    Object {
      "_class": Array [
        "Host",
      ],
      "_key": "datadog_host:6264691456",
      "_rawData": Array [
        Object {
          "name": "default",
          "rawData": Host {
            "aliases": Array [
              "Dhaiwats-MacBook-Air.local",
            ],
            "apps": Array [
              "ntp",
              "agent",
            ],
            "awsName": undefined,
            "hostName": "Dhaiwats-MacBook-Air.local",
            "id": 6264691456,
            "isMuted": false,
            "lastReportedTime": 1660563750,
            "meta": HostMeta {
              "nixV": Array [
                null,
                null,
                null,
              ],
            },
            "metrics": HostMetrics {
              "cpu": null,
              "iowait": null,
              "load": null,
            },
            "muteTimeout": null,
            "name": "Dhaiwats-MacBook-Air.local",
            "sources": Array [
              "agent",
            ],
            "tagsBySource": Object {
              "Datadog": Array [
                "host:Dhaiwats-MacBook-Air.local",
              ],
            },
            "up": true,
          },
        },
      ],
      "_type": "datadog_host",
      "aliases": Array [
        "Dhaiwats-MacBook-Air.local",
      ],
      "apps": Array [
        "ntp",
        "agent",
      ],
      "awsName": undefined,
      "createdOn": undefined,
      "displayName": "Dhaiwats-MacBook-Air.local",
      "hostname": "Dhaiwats-MacBook-Air.local",
      "id": "6264691456",
      "isMuted": false,
      "lastReportedTime": 1660563750,
      "name": "Dhaiwats-MacBook-Air.local",
      "sources": Array [
        "agent",
      ],
      "state": "running",
    },
  ],
  "collectedRelationships": Array [
    Object {
      "_class": "HAS",
      "_fromEntityKey": "datadog_account:viragsf@gmail.com",
      "_key": "datadog_account:viragsf@gmail.com|has|datadog_host:6264691456",
      "_toEntityKey": "datadog_host:6264691456",
      "_type": "datadog_account_has_host",
      "displayName": "HAS",
    },
  ],
  "encounteredTypes": Array [
    "datadog_account",
    "datadog_host",
    "datadog_account_has_host",
  ],
  "numCollectedEntities": 2,
  "numCollectedRelationships": 1,
}
`;
